// Jest Snapshot v1, https://goo.gl/fbAQLP

exports[`Answers Right Snapshot 1`] = `
<div
  id="answers-right"
>
  ABCD EFGH MNOP
</div>
`;
