// Jest Snapshot v1, https://goo.gl/fbAQLP

exports[`AnswersWrong Snapshot 1`] = `
<div
  id="answers-wrong"
>
  ABCD EFGH MNOP
</div>
`;
