// Jest Snapshot v1, https://goo.gl/fbAQLP

exports[`End Game Snapshot 1`] = `
<div
  id="endgame"
>
  <button
    disabled={false}
    id="end-game-button"
    onClick={[Function]}
  >
    End Game
  </button>
</div>
`;
