// Jest Snapshot v1, https://goo.gl/fbAQLP

exports[`New Game Snapshot 1`] = `
<button
  disabled={false}
  id="new-game-button"
  onClick={[Function]}
>
  New Game
</button>
`;
