// Jest Snapshot v1, https://goo.gl/fbAQLP

exports[`Timer Clock Snapshot with timer off 1`] = `
<div
  className="timer-hide"
>
  <span>
    0
    :
    00
  </span>
</div>
`;
